[dotenv@17.3.1] injecting env (15) from .env -- tip: ⚡️ secrets for agents: https://dotenvx.com/as2
🌐 Serveur Web (public + admin) démarré sur http://localhost:3000
✅ MQTT connecté (mqtt.univ-cotedazur.fr:443)
⚠️ Metric texte fallback (DB indisponible?): ER_BAD_FIELD_ERROR
⚠️ Metric texte fallback (DB indisponible?): ER_BAD_FIELD_ERROR
⚠️ Metric texte fallback (DB indisponible?): ER_BAD_FIELD_ERROR
⚠️ Metric texte fallback (DB indisponible?): ER_BAD_FIELD_ERROR
⚠️ Metric texte fallback (DB indisponible?): ER_BAD_FIELD_ERROR
⚠️ Metric texte fallback (DB indisponible?): ER_BAD_FIELD_ERROR
⚠️ Metric texte fallback (DB indisponible?): ER_BAD_FIELD_ERROR
⚠️ Metric texte fallback (DB indisponible?): ER_BAD_FIELD_ERROR
⚠️ Metric texte fallback (DB indisponible?): ER_BAD_FIELD_ERROR
⚠️ Metric texte fallback (DB indisponible?): ER_BAD_FIELD_ERROR
⚠️ Metric texte fallback (DB indisponible?): ER_BAD_FIELD_ERROR
⚠️ Metric texte fallback (DB indisponible?): ER_BAD_FIELD_ERROR
⚠️ Metric texte fallback (DB indisponible?): ER_BAD_FIELD_ERROR
⚠️ Metric texte fallback (DB indisponible?): ER_BAD_FIELD_ERROR
⚠️ Metric texte fallback (DB indisponible?): ER_BAD_FIELD_ERROR
⚠️ Metric texte fallback (DB indisponible?): ER_BAD_FIELD_ERROR
⚠️ Metric texte fallback (DB indisponible?): ER_BAD_FIELD_ERROR
⚠️ Metric texte fallback (DB indisponible?): ER_BAD_FIELD_ERROR
⚠️ Metric texte fallback (DB indisponible?): ER_BAD_FIELD_ERROR
⚠️ Metric texte fallback (DB indisponible?): ER_BAD_FIELD_ERROR
⚠️ Metric texte fallback (DB indisponible?): ER_BAD_FIELD_ERROR
⚠️ Metric texte fallback (DB indisponible?): ER_BAD_FIELD_ERROR
⚠️ Metric texte fallback (DB indisponible?): ER_BAD_FIELD_ERROR
⚠️ Metric texte fallback (DB indisponible?): ER_BAD_FIELD_ERROR
⚠️ Metric texte fallback (DB indisponible?): ER_BAD_FIELD_ERROR
⚠️ Metric texte fallback (DB indisponible?): ER_BAD_FIELD_ERROR
⚠️ Metric texte fallback (DB indisponible?): ER_BAD_FIELD_ERROR
⚠️ Metric texte fallback (DB indisponible?): ER_BAD_FIELD_ERROR
⚠️ Metric texte fallback (DB indisponible?): ER_BAD_FIELD_ERROR
⚠️ Metric texte fallback (DB indisponible?): ER_BAD_FIELD_ERROR
⚠️ Metric texte fallback (DB indisponible?): ER_BAD_FIELD_ERROR
⚠️ Metric texte fallback (DB indisponible?): ER_BAD_FIELD_ERROR
⚠️ Metric texte fallback (DB indisponible?): ER_BAD_FIELD_ERROR
⚠️ Metric texte fallback (DB indisponible?): ER_BAD_FIELD_ERROR
⚠️ Metric texte fallback (DB indisponible?): ER_BAD_FIELD_ERROR
⚠️ Metric texte fallback (DB indisponible?): ER_BAD_FIELD_ERROR
⚠️ Metric texte fallback (DB indisponible?): ER_BAD_FIELD_ERROR
⚠️ Metric texte fallback (DB indisponible?): ER_BAD_FIELD_ERROR
⚠️ Metric texte fallback (DB indisponible?): ER_BAD_FIELD_ERROR
⚠️ Metric texte fallback (DB indisponible?): ER_BAD_FIELD_ERROR
⚠️ Metric texte fallback (DB indisponible?): ER_BAD_FIELD_ERROR
⚠️ Metric texte fallback (DB indisponible?): ER_BAD_FIELD_ERROR
⚠️ Metric texte fallback (DB indisponible?): ER_BAD_FIELD_ERROR
⚠️ Metric texte fallback (DB indisponible?): ER_BAD_FIELD_ERROR
⚠️ Metric texte fallback (DB indisponible?): ER_BAD_FIELD_ERROR
⚠️ Metric texte fallback (DB indisponible?): ER_BAD_FIELD_ERROR
⚠️ Metric texte fallback (DB indisponible?): ER_BAD_FIELD_ERROR
⚠️ Metric texte fallback (DB indisponible?): ER_BAD_FIELD_ERROR
⚠️ Metric texte fallback (DB indisponible?): ER_BAD_FIELD_ERROR
⚠️ Metric texte fallback (DB indisponible?): ER_BAD_FIELD_ERROR
⚠️ Metric texte fallback (DB indisponible?): ER_BAD_FIELD_ERROR
⚠️ Metric texte fallback (DB indisponible?): ER_BAD_FIELD_ERROR
⚠️ Metric texte fallback (DB indisponible?): ER_BAD_FIELD_ERROR
⚠️ Metric texte fallback (DB indisponible?): ER_BAD_FIELD_ERROR
⚠️ Metric texte fallback (DB indisponible?): ER_BAD_FIELD_ERROR
⚠️ Metric texte fallback (DB indisponible?): ER_BAD_FIELD_ERROR
⚠️ Metric texte fallback (DB indisponible?): ER_BAD_FIELD_ERROR
⚠️ Metric texte fallback (DB indisponible?): ER_BAD_FIELD_ERROR
⚠️ Metric texte fallback (DB indisponible?): ER_BAD_FIELD_ERROR
⚠️ Metric texte fallback (DB indisponible?): ER_BAD_FIELD_ERROR
⚠️ Metric texte fallback (DB indisponible?): ER_BAD_FIELD_ERROR
⚠️ Metric texte fallback (DB indisponible?): ER_BAD_FIELD_ERROR
⚠️ Metric texte fallback (DB indisponible?): ER_BAD_FIELD_ERROR
⚠️ Metric texte fallback (DB indisponible?): ER_BAD_FIELD_ERROR
⚠️ Metric texte fallback (DB indisponible?): ER_BAD_FIELD_ERROR
⚠️ Metric texte fallback (DB indisponible?): ER_BAD_FIELD_ERROR
⚠️ Metric texte fallback (DB indisponible?): ER_BAD_FIELD_ERROR
⚠️ Metric texte fallback (DB indisponible?): ER_BAD_FIELD_ERROR
⚠️ Metric texte fallback (DB indisponible?): ER_BAD_FIELD_ERROR
⚠️ Metric texte fallback (DB indisponible?): ER_BAD_FIELD_ERROR
⚠️ Metric texte fallback (DB indisponible?): ER_BAD_FIELD_ERROR
⚠️ Metric texte fallback (DB indisponible?): ER_BAD_FIELD_ERROR
⚠️ Metric texte fallback (DB indisponible?): ER_BAD_FIELD_ERROR
⚠️ Metric texte fallback (DB indisponible?): ER_BAD_FIELD_ERROR
⚠️ Metric texte fallback (DB indisponible?): ER_BAD_FIELD_ERROR
⚠️ Metric texte fallback (DB indisponible?): ER_BAD_FIELD_ERROR
⚠️ Metric texte fallback (DB indisponible?): ER_BAD_FIELD_ERROR
⚠️ Metric texte fallback (DB indisponible?): ER_BAD_FIELD_ERROR
⚠️ Metric texte fallback (DB indisponible?): ER_BAD_FIELD_ERROR
⚠️ Metric texte fallback (DB indisponible?): ER_BAD_FIELD_ERROR
⚠️ Metric texte fallback (DB indisponible?): ER_BAD_FIELD_ERROR
⚠️ Metric texte fallback (DB indisponible?): ER_BAD_FIELD_ERROR
⚠️ Metric texte fallback (DB indisponible?): ER_BAD_FIELD_ERROR
⚠️ Metric texte fallback (DB indisponible?): ER_BAD_FIELD_ERROR
⚠️ Metric texte fallback (DB indisponible?): ER_BAD_FIELD_ERROR
⚠️ Metric texte fallback (DB indisponible?): ER_BAD_FIELD_ERROR
⚠️ Metric texte fallback (DB indisponible?): ER_BAD_FIELD_ERROR
⚠️ Metric texte fallback (DB indisponible?): ER_BAD_FIELD_ERROR
⚠️ Metric texte fallback (DB indisponible?): ER_BAD_FIELD_ERROR
⚠️ Metric texte fallback (DB indisponible?): ER_BAD_FIELD_ERROR
❌ MQTT erreur: Keepalive timeout
🔄 MQTT reconnexion en cours...
✅ MQTT connecté (mqtt.univ-cotedazur.fr:443)
⚠️ Metric texte fallback (DB indisponible?): ER_BAD_FIELD_ERROR
⚠️ Metric texte fallback (DB indisponible?): ER_BAD_FIELD_ERROR
⚠️ Metric texte fallback (DB indisponible?): ER_BAD_FIELD_ERROR
⚠️ Metric texte fallback (DB indisponible?): ER_BAD_FIELD_ERROR
⚠️ Metric texte fallback (DB indisponible?): ER_BAD_FIELD_ERROR
⚠️ Metric texte fallback (DB indisponible?): ER_BAD_FIELD_ERROR
⚠️ Metric texte fallback (DB indisponible?): ER_BAD_FIELD_ERROR
⚠️ Metric texte fallback (DB indisponible?): ER_BAD_FIELD_ERROR
⚠️ Metric texte fallback (DB indisponible?): ER_BAD_FIELD_ERROR
⚠️ Metric texte fallback (DB indisponible?): ER_BAD_FIELD_ERROR
⚠️ Metric texte fallback (DB indisponible?): ER_BAD_FIELD_ERROR
⚠️ Metric texte fallback (DB indisponible?): ER_BAD_FIELD_ERROR
⚠️ Metric texte fallback (DB indisponible?): ER_BAD_FIELD_ERROR
⚠️ Metric texte fallback (DB indisponible?): ER_BAD_FIELD_ERROR
⚠️ Metric texte fallback (DB indisponible?): ER_BAD_FIELD_ERROR
⚠️ Metric texte fallback (DB indisponible?): ER_BAD_FIELD_ERROR
⚠️ Metric texte fallback (DB indisponible?): ER_BAD_FIELD_ERROR
⚠️ Metric texte fallback (DB indisponible?): ER_BAD_FIELD_ERROR
⚠️ Metric texte fallback (DB indisponible?): ER_BAD_FIELD_ERROR
⚠️ Metric texte fallback (DB indisponible?): ER_BAD_FIELD_ERROR
⚠️ Metric texte fallback (DB indisponible?): ER_BAD_FIELD_ERROR
⚠️ Metric texte fallback (DB indisponible?): ER_BAD_FIELD_ERROR
⚠️ Metric texte fallback (DB indisponible?): ER_BAD_FIELD_ERROR
⚠️ Metric texte fallback (DB indisponible?): ER_BAD_FIELD_ERROR
⚠️ Metric texte fallback (DB indisponible?): ER_BAD_FIELD_ERROR
⚠️ Metric texte fallback (DB indisponible?): ER_BAD_FIELD_ERROR
⚠️ Metric texte fallback (DB indisponible?): ER_BAD_FIELD_ERROR
⚠️ Metric texte fallback (DB indisponible?): ER_BAD_FIELD_ERROR
⚠️ Metric texte fallback (DB indisponible?): ER_BAD_FIELD_ERROR
⚠️ Metric texte fallback (DB indisponible?): ER_BAD_FIELD_ERROR
⚠️ Metric texte fallback (DB indisponible?): ER_BAD_FIELD_ERROR
⚠️ Metric texte fallback (DB indisponible?): ER_BAD_FIELD_ERROR
⚠️ Metric texte fallback (DB indisponible?): ER_BAD_FIELD_ERROR
⚠️ Metric texte fallback (DB indisponible?): ER_BAD_FIELD_ERROR
⚠️ Metric texte fallback (DB indisponible?): ER_BAD_FIELD_ERROR
⚠️ Metric texte fallback (DB indisponible?): ER_BAD_FIELD_ERROR
⚠️ Metric texte fallback (DB indisponible?): ER_BAD_FIELD_ERROR
⚠️ Metric texte fallback (DB indisponible?): ER_BAD_FIELD_ERROR
⚠️ Metric texte fallback (DB indisponible?): ER_BAD_FIELD_ERROR
⚠️ Metric texte fallback (DB indisponible?): ER_BAD_FIELD_ERROR
⚠️ Metric texte fallback (DB indisponible?): ER_BAD_FIELD_ERROR
⚠️ Metric texte fallback (DB indisponible?): ER_BAD_FIELD_ERROR
⚠️ Metric texte fallback (DB indisponible?): ER_BAD_FIELD_ERROR
⚠️ Metric texte fallback (DB indisponible?): ER_BAD_FIELD_ERROR
⚠️ Metric texte fallback (DB indisponible?): ER_BAD_FIELD_ERROR
⚠️ Metric texte fallback (DB indisponible?): ER_BAD_FIELD_ERROR
⚠️ Metric texte fallback (DB indisponible?): ER_BAD_FIELD_ERROR
⚠️ Metric texte fallback (DB indisponible?): ER_BAD_FIELD_ERROR
⚠️ Metric texte fallback (DB indisponible?): ER_BAD_FIELD_ERROR
⚠️ Metric texte fallback (DB indisponible?): ER_BAD_FIELD_ERROR
⚠️ Metric texte fallback (DB indisponible?): ER_BAD_FIELD_ERROR
⚠️ Metric texte fallback (DB indisponible?): ER_BAD_FIELD_ERROR
⚠️ Metric texte fallback (DB indisponible?): ER_BAD_FIELD_ERROR
⚠️ Metric texte fallback (DB indisponible?): ER_BAD_FIELD_ERROR
⚠️ Metric texte fallback (DB indisponible?): ER_BAD_FIELD_ERROR
⚠️ Metric texte fallback (DB indisponible?): ER_BAD_FIELD_ERROR
⚠️ Metric texte fallback (DB indisponible?): ER_BAD_FIELD_ERROR
⚠️ Metric texte fallback (DB indisponible?): ER_BAD_FIELD_ERROR
⚠️ Metric texte fallback (DB indisponible?): ER_BAD_FIELD_ERROR
⚠️ Metric texte fallback (DB indisponible?): ER_BAD_FIELD_ERROR
⚠️ Metric texte fallback (DB indisponible?): ER_BAD_FIELD_ERROR
⚠️ Metric texte fallback (DB indisponible?): ER_BAD_FIELD_ERROR
⚠️ Metric texte fallback (DB indisponible?): ER_BAD_FIELD_ERROR
⚠️ Metric texte fallback (DB indisponible?): ER_BAD_FIELD_ERROR
⚠️ Metric texte fallback (DB indisponible?): ER_BAD_FIELD_ERROR
⚠️ Metric texte fallback (DB indisponible?): ER_BAD_FIELD_ERROR
⚠️ Metric texte fallback (DB indisponible?): ER_BAD_FIELD_ERROR
⚠️ Metric texte fallback (DB indisponible?): ER_BAD_FIELD_ERROR
⚠️ Metric texte fallback (DB indisponible?): ER_BAD_FIELD_ERROR
⚠️ Metric texte fallback (DB indisponible?): ER_BAD_FIELD_ERROR
⚠️ Metric texte fallback (DB indisponible?): ER_BAD_FIELD_ERROR
⚠️ Metric texte fallback (DB indisponible?): ER_BAD_FIELD_ERROR
⚠️ Metric texte fallback (DB indisponible?): ER_BAD_FIELD_ERROR
⚠️ Metric texte fallback (DB indisponible?): ER_BAD_FIELD_ERROR
⚠️ Metric texte fallback (DB indisponible?): ER_BAD_FIELD_ERROR
⚠️ Metric texte fallback (DB indisponible?): ER_BAD_FIELD_ERROR
